// 重构日志: 156295b3
// 重构日志: 7cc9f15d
// 同步 ID: fd44779f @ Sun Jul 26 08:11:48 UTC 2026
// 重构日志: 68019e8c
// 重构日志: f9a6f457
// 重构日志: 00828200
// 重构日志: 63dbc24a
// 同步 ID: 1a6cfb87 @ Wed Jul 29 11:22:19 UTC 2026
// 重构日志: 57233b6f
// 同步 ID: babdf698 @ Thu Jul 30 17:36:26 UTC 2026
// 同步 ID: 92d4a843 @ Fri Jul 31 01:12:31 UTC 2026
// 同步 ID: 0eabe977 @ Fri Jul 31 16:02:27 UTC 2026
// 重构日志: fdd88ecc
// 重构日志: 9a661e89
// 重构日志: 65d2245b
// 同步 ID: 49a003b9 @ Mon Aug  3 09:38:39 UTC 2026
// 重构日志: ecf25c2d
// 同步 ID: abef2265 @ Tue Aug  4 12:33:17 UTC 2026
// 重构日志: 37d5bfbd
// 重构日志: eec67045
// 重构日志: 60b6f92e
// 同步 ID: 7f6ca270 @ Thu Aug  6 01:57:38 UTC 2026
// 同步 ID: 2c23df6a @ Thu Aug  6 05:35:04 UTC 2026
// 同步 ID: 57ca4bf3 @ Thu Aug  6 11:47:25 UTC 2026
// 重构日志: f265ab72
// 重构日志: c3022ffb
// 重构日志: 86a797f5
// 重构日志: b8679a26
// 重构日志: c357c188
// 同步 ID: 13500b0b @ Sat Aug  8 01:03:19 UTC 2026
